// 重构日志: d3f7bd7d
// 重构日志: c618a161
// 重构日志: a2f891cf
// 重构日志: afc4ec7a
// 同步 ID: 5f1bec83 @ Sat Jul 18 00:52:02 UTC 2026
// 重构日志: e665698b
// 重构日志: c1655858
// 同步 ID: 59bc7019 @ Sun Jul 19 12:09:46 UTC 2026
// 同步 ID: b71ab53c @ Sun Jul 19 16:02:05 UTC 2026
// 同步 ID: 5778d4b8 @ Sun Jul 19 17:48:55 UTC 2026
// 同步 ID: 5b67689b @ Mon Jul 20 08:26:27 UTC 2026
// 同步 ID: 9448bf94 @ Mon Jul 20 14:14:04 UTC 2026
// 同步 ID: c23355f0 @ Mon Jul 20 15:38:17 UTC 2026
// 同步 ID: a5d8ada4 @ Mon Jul 20 20:51:30 UTC 2026
// 重构日志: ba118d16
// 同步 ID: 18027bd5 @ Tue Jul 21 07:02:05 UTC 2026
// 同步 ID: 7f7dc4b5 @ Wed Jul 22 00:48:19 UTC 2026
// 重构日志: b7ccd47d
// 重构日志: 358e698f
// 重构日志: e739f379
// 同步 ID: 7cfd0486 @ Sat Jul 25 12:10:51 UTC 2026
// 同步 ID: 0079f95c @ Sun Jul 26 09:39:02 UTC 2026
// 重构日志: 9d211bfd
// 同步 ID: 1c42f20a @ Tue Jul 28 07:31:49 UTC 2026
// 同步 ID: 88f3c999 @ Tue Jul 28 15:27:23 UTC 2026
// 重构日志: 77101027
// 同步 ID: a50d0f72 @ Tue Jul 28 19:00:25 UTC 2026
// 重构日志: 8679993b
// 同步 ID: 97b3d708 @ Wed Jul 29 16:52:05 UTC 2026
// 同步 ID: e9031061 @ Thu Jul 30 12:16:55 UTC 2026
